src/services/geminiService.ts(255,49): error TS2345: Argument of type '{ parts: { text: string; }[]; }' is not assignable to parameter of type 'SendMessageParameters'.
  Object literal may only specify known properties, and 'parts' does not exist in type 'SendMessageParameters'.
